// Jest Snapshot v1, https://goo.gl/fbAQLP

exports[`<Card/> matches snapshot 1`] = `
<body>
  <div>
    <div
      class="grid grid-cols-min shadow p-2 m-4 relative"
    >
      <a
        class="grid grid-cols-2"
        href="/#"
      >
        <div>
          <h3
            class="text-black"
          >
            Spider pig
          </h3>
           
          <span
            class=""
          >
            Level: 
            54
          </span>
        </div>
         
        <img
          alt=""
          src="https://placekitten.com/256/256"
        />
      </a>
       
      <div
        class="relative"
      >
        <div
          class="mt-4 self-end place-self-center text-center"
        >
          <button
            class="text-black rounded"
            type="button"
          >
            Drop table
          </button>
        </div>
      </div>
       
    </div>
    
  </div>
</body>
`;
